---
source: integ-tests/tests/parser.rs
expression: spans
---
note[datetime]: root_odt1
  ┌─ spec_odt:1:8
  │
1 │ odt1 = 1979-05-27T07:32:00Z
  │        ^^^^^^^^^^^^^^^^^^^^

note[datetime]: root_odt2
  ┌─ spec_odt:2:8
  │
2 │ odt2 = 1979-05-27T00:32:00-07:00
  │        ^^^^^^^^^^^^^^^^^^^^^^^^^

note[datetime]: root_odt3
  ┌─ spec_odt:3:8
  │
3 │ odt3 = 1979-05-27T00:32:00.5-07:00
  │        ^^^^^^^^^^^^^^^^^^^^^^^^^^^

note[datetime]: root_odt4
  ┌─ spec_odt:4:8
  │
4 │ odt4 = 1979-05-27T00:32:00.999-07:00
  │        ^^^^^^^^^^^^^^^^^^^^^^^^^^^^^

note[table]: root
  ┌─ spec_odt:1:1
  │  
1 │ ╭ odt1 = 1979-05-27T07:32:00Z
2 │ │ odt2 = 1979-05-27T00:32:00-07:00
3 │ │ odt3 = 1979-05-27T00:32:00.5-07:00
4 │ │ odt4 = 1979-05-27T00:32:00.999-07:00
  │ ╰────────────────────────────────────^
