---
source: crates/snapshot-tests/tests/parser.rs
expression: combined
---
error[MultilineStringKey]: multiline strings are not allowed for key
  ┌─ multi_line4:1:1
  │
1 │ """key"""=3
  │ ^^^^^^^^^ multiline keys are not allowed


error: multiline strings are not allowed for key
 --> multi_line4:1:1
  |
1 | """key"""=3
  | ^^^^^^^^^ multiline keys are not allowed
Error {
    kind: "MultilineStringKey",
    message: "multiline strings are not allowed for key",
    span: 0..9,
    path: None,
}
