---
source: crates/snapshot-tests/tests/parser.rs
expression: combined
---
error[InvalidFloat]: invalid float: underscores must be between two digits at `a`
  ┌─ underscore_before_dot:1:5
  │
1 │ a = 73_.5
  │     ^^^ invalid float: underscores must be between two digits


error: invalid float: underscores must be between two digits at `a`
 --> underscore_before_dot:1:5
  |
1 | a = 73_.5
  |     ^^^ invalid float: underscores must be between two digits
Error {
    kind: "InvalidFloat",
    message: "invalid float: underscores must be between two digits",
    span: 4..7,
    path: Some(
        "a",
    ),
}
