---
source: crates/snapshot-tests/tests/parser.rs
expression: combined
---
error[UnquotedString]: string values must be quoted, expected string literal at `foo`
  ┌─ true_trailing:1:7
  │
1 │ foo = true2
  │       ^^^^^ string is not quoted


error: string values must be quoted, expected string literal at `foo`
 --> true_trailing:1:7
  |
1 | foo = true2
  |       ^^^^^ string is not quoted
Error {
    kind: "UnquotedString",
    message: "string values must be quoted, expected string literal",
    span: 6..11,
    path: Some(
        "foo",
    ),
}
