---
source: crates/snapshot-tests/tests/parser.rs
expression: combined
---
error[InvalidFloat]: invalid float: exponent requires at least one digit at `a`
  ┌─ trailing_exp4:1:5
  │
1 │ a = 0.0e
  │     ^^^^ invalid float: exponent requires at least one digit


error: invalid float: exponent requires at least one digit at `a`
 --> trailing_exp4:1:5
  |
1 | a = 0.0e
  |     ^^^^ invalid float: exponent requires at least one digit
Error {
    kind: "InvalidFloat",
    message: "invalid float: exponent requires at least one digit",
    span: 4..8,
    path: Some(
        "a",
    ),
}
