---
source: crates/snapshot-tests/tests/parser.rs
expression: combined
---
error[InvalidDateTime]: invalid datetime: expected 4-digit year at `a`
  ┌─ short_year:1:5
  │
1 │ a = 25-01-01T00:00:00Z
  │     ^^^^^^^^^^^^^^^^^^ invalid datetime: expected 4-digit year


error: invalid datetime: expected 4-digit year at `a`
 --> short_year:1:5
  |
1 | a = 25-01-01T00:00:00Z
  |     ^^^^^^^^^^^^^^^^^^ invalid datetime: expected 4-digit year
Error {
    kind: "InvalidDateTime",
    message: "invalid datetime: expected 4-digit year",
    span: 4..22,
    path: Some(
        "a",
    ),
}
